------------------------------------------------------------
TimeQuest Timing Analyzer Summary
------------------------------------------------------------

Type  : Slow 1200mV 85C Model Setup 'CLOCK_50'
Slack : -3.080
TNS   : -130.119

Type  : Slow 1200mV 85C Model Setup 'divisor_frecuencia:INST_DIVISOR|reloj_1hz_reg'
Slack : -1.290
TNS   : -15.909

Type  : Slow 1200mV 85C Model Hold 'CLOCK_50'
Slack : -0.040
TNS   : -0.040

Type  : Slow 1200mV 85C Model Hold 'divisor_frecuencia:INST_DIVISOR|reloj_1hz_reg'
Slack : 0.325
TNS   : 0.000

Type  : Slow 1200mV 85C Model Recovery 'divisor_frecuencia:INST_DIVISOR|reloj_1hz_reg'
Slack : -0.635
TNS   : -4.680

Type  : Slow 1200mV 85C Model Removal 'divisor_frecuencia:INST_DIVISOR|reloj_1hz_reg'
Slack : 0.701
TNS   : 0.000

Type  : Slow 1200mV 85C Model Minimum Pulse Width 'CLOCK_50'
Slack : -3.000
TNS   : -68.000

Type  : Slow 1200mV 85C Model Minimum Pulse Width 'divisor_frecuencia:INST_DIVISOR|reloj_1hz_reg'
Slack : -1.000
TNS   : -15.000

Type  : Slow 1200mV 0C Model Setup 'CLOCK_50'
Slack : -2.656
TNS   : -110.551

Type  : Slow 1200mV 0C Model Setup 'divisor_frecuencia:INST_DIVISOR|reloj_1hz_reg'
Slack : -1.067
TNS   : -12.740

Type  : Slow 1200mV 0C Model Hold 'CLOCK_50'
Slack : -0.081
TNS   : -0.081

Type  : Slow 1200mV 0C Model Hold 'divisor_frecuencia:INST_DIVISOR|reloj_1hz_reg'
Slack : 0.313
TNS   : 0.000

Type  : Slow 1200mV 0C Model Recovery 'divisor_frecuencia:INST_DIVISOR|reloj_1hz_reg'
Slack : -0.509
TNS   : -3.356

Type  : Slow 1200mV 0C Model Removal 'divisor_frecuencia:INST_DIVISOR|reloj_1hz_reg'
Slack : 0.667
TNS   : 0.000

Type  : Slow 1200mV 0C Model Minimum Pulse Width 'CLOCK_50'
Slack : -3.000
TNS   : -68.000

Type  : Slow 1200mV 0C Model Minimum Pulse Width 'divisor_frecuencia:INST_DIVISOR|reloj_1hz_reg'
Slack : -1.000
TNS   : -15.000

Type  : Fast 1200mV 0C Model Setup 'CLOCK_50'
Slack : -1.337
TNS   : -46.706

Type  : Fast 1200mV 0C Model Setup 'divisor_frecuencia:INST_DIVISOR|reloj_1hz_reg'
Slack : -0.295
TNS   : -2.654

Type  : Fast 1200mV 0C Model Hold 'CLOCK_50'
Slack : -0.117
TNS   : -0.117

Type  : Fast 1200mV 0C Model Hold 'divisor_frecuencia:INST_DIVISOR|reloj_1hz_reg'
Slack : 0.155
TNS   : 0.000

Type  : Fast 1200mV 0C Model Recovery 'divisor_frecuencia:INST_DIVISOR|reloj_1hz_reg'
Slack : 0.036
TNS   : 0.000

Type  : Fast 1200mV 0C Model Removal 'divisor_frecuencia:INST_DIVISOR|reloj_1hz_reg'
Slack : 0.378
TNS   : 0.000

Type  : Fast 1200mV 0C Model Minimum Pulse Width 'CLOCK_50'
Slack : -3.000
TNS   : -71.695

Type  : Fast 1200mV 0C Model Minimum Pulse Width 'divisor_frecuencia:INST_DIVISOR|reloj_1hz_reg'
Slack : -1.000
TNS   : -15.000

------------------------------------------------------------
