------------------------------------------------------------
TimeQuest Timing Analyzer Summary
------------------------------------------------------------

Type  : Slow 1200mV 85C Model Setup 'clk_50'
Slack : -2.542
TNS   : -49.649

Type  : Slow 1200mV 85C Model Setup 'divisor_frecuencia:INST_DIVISOR|reloj_1hz_reg'
Slack : -1.475
TNS   : -10.804

Type  : Slow 1200mV 85C Model Hold 'clk_50'
Slack : 0.247
TNS   : 0.000

Type  : Slow 1200mV 85C Model Hold 'divisor_frecuencia:INST_DIVISOR|reloj_1hz_reg'
Slack : 0.358
TNS   : 0.000

Type  : Slow 1200mV 85C Model Minimum Pulse Width 'clk_50'
Slack : -3.000
TNS   : -33.000

Type  : Slow 1200mV 85C Model Minimum Pulse Width 'divisor_frecuencia:INST_DIVISOR|reloj_1hz_reg'
Slack : -1.000
TNS   : -11.000

Type  : Slow 1200mV 0C Model Setup 'clk_50'
Slack : -2.189
TNS   : -41.113

Type  : Slow 1200mV 0C Model Setup 'divisor_frecuencia:INST_DIVISOR|reloj_1hz_reg'
Slack : -1.241
TNS   : -8.963

Type  : Slow 1200mV 0C Model Hold 'clk_50'
Slack : 0.196
TNS   : 0.000

Type  : Slow 1200mV 0C Model Hold 'divisor_frecuencia:INST_DIVISOR|reloj_1hz_reg'
Slack : 0.312
TNS   : 0.000

Type  : Slow 1200mV 0C Model Minimum Pulse Width 'clk_50'
Slack : -3.000
TNS   : -33.000

Type  : Slow 1200mV 0C Model Minimum Pulse Width 'divisor_frecuencia:INST_DIVISOR|reloj_1hz_reg'
Slack : -1.000
TNS   : -11.000

Type  : Fast 1200mV 0C Model Setup 'clk_50'
Slack : -0.991
TNS   : -16.922

Type  : Fast 1200mV 0C Model Setup 'divisor_frecuencia:INST_DIVISOR|reloj_1hz_reg'
Slack : -0.362
TNS   : -1.947

Type  : Fast 1200mV 0C Model Hold 'clk_50'
Slack : 0.062
TNS   : 0.000

Type  : Fast 1200mV 0C Model Hold 'divisor_frecuencia:INST_DIVISOR|reloj_1hz_reg'
Slack : 0.185
TNS   : 0.000

Type  : Fast 1200mV 0C Model Minimum Pulse Width 'clk_50'
Slack : -3.000
TNS   : -34.679

Type  : Fast 1200mV 0C Model Minimum Pulse Width 'divisor_frecuencia:INST_DIVISOR|reloj_1hz_reg'
Slack : -1.000
TNS   : -11.000

------------------------------------------------------------
